======================================================================
r1000 Quant Engine -- local run
======================================================================
  commit:        876bf7b (DIRTY)
  started:       2026-05-09 11:45:17 KST
  base_dir:      /home/runner/work/r1000-quant-engine/r1000-quant-engine
  end_date:      2026-05-09
  mode:          QUICK_RESCORE
  fast_mode:     True
  universe_mode: (cfg default)
  backtest_years: (cfg default)
  leader_rescue: (cfg default)
  collector:     run
  verdict_only:  True
  Phase 9 C1:    auto
  Phase 9 C2:    auto
  Phase 9 C3:    auto
  Phase 14:      auto
======================================================================
OK: companyfacts.zip 0.2d old, 1314 MB

======================================================================
CELL E -- PHASE 9 C1+C2 DIAGNOSTIC
======================================================================

Scored rows: 734

Sleeve distribution (raw):
portfolio_sleeve_label
unassigned         448
early_scout        118
future_winner      104
core_compounder     64

Phase 9 diagnostic columns (expect populated if C2 active):
  phase9_thesis_gate_active                 mean=1.000  sum=734
  phase9_core_eligible                      mean=0.087  sum=64
  phase9_future_eligible                    mean=0.132  sum=97
  phase9_early_eligible                     mean=0.161  sum=118
  phase9_unassigned                         mean=0.620  sum=455
  phase9_mktcap_percentile                  mean=0.501  sum=368

Final portfolio: 18 positions
  Sleeve dist: {'core_compounder': 4, 'early_scout': 6, 'future_winner': 8}
  Top 10 by weight:
ticker portfolio_sleeve_label   weight
   GEV        core_compounder 0.138806
   FTI          future_winner 0.065418
  NXPI          future_winner 0.064992
   STM          future_winner 0.064949
   VRT        core_compounder 0.064901
   UMC          future_winner 0.064640
   FIX        core_compounder 0.058736
  RKLB          future_winner 0.058562
  MRVL          future_winner 0.052470
   GLW          future_winner 0.052470

======================================================================
METRICS vs baseline: Phase 15-D global_alpha_universe (SHIPPED 2026-04-29)
======================================================================
  metric                          new   baseline          delta
  cagr                         0.3091     0.2451        +6.40pp
  sharpe                       1.6999     1.2453        +0.4546
  max_dd                      -0.1638    -0.2579        +9.41pp
  ir                           1.3284     1.0244        +0.3040
  avg_turnover_monthly         0.5347     0.4854        +4.93pp
  avg_stock_names             24.5783    24.3300        +0.2483
  beat_month_ratio             0.5904     0.5663        +0.0241
  excess_cagr                  0.1848     0.1102        +7.46pp

=== SLEEVE ALLOCATION ===
  target:  {'core_compounder': 0.1, 'future_winner': 0.4, 'early_scout': 0.5}
  actual:  {'core_compounder': 0.31367193496147566, 'future_winner': 0.4630004084487822, 'early_scout': 0.22332765658974219}
  counts:  {'core_compounder': 4, 'future_winner': 8, 'early_scout': 6}

=== VERDICT ===
  dCAGR    +6.40pp   (gate >= +0.5pp)
  dSharpe  +0.4546    (gate >= -0.05)
  dMaxDD   +9.41pp   (gate >= -3pp; positive better)
  early_scout selected: 6    (gate >= 4)

  --> SHIP vs Phase 15-D global_alpha_universe (SHIPPED 2026-04-29). Rotate baseline + next phase.

======================================================================
LIFETIME PERFORMANCE (backtest + live, Phase 12D)
======================================================================
  Backtest anchor: 2026-02-27 at equity 6.4417
  Lifetime CAGR:   31.38% over 6.83 years
  Lifetime total:  545.28%
  vs baseline CAGR (24.51%): +6.87pp
  Live extension:  method=no_live_data (no live data yet)
  HINT: edit base_dir/manual_positions.yaml with real broker holdings
        (avg_cost, shares, entry_date) to activate lifetime CAGR.
