======================================================================
r1000 Quant Engine -- local run
======================================================================
  commit:        3d7b26e (DIRTY)
  started:       2026-06-02 19:22:57 KST
  base_dir:      /home/runner/work/r1000-quant-engine/r1000-quant-engine
  end_date:      2026-06-02
  mode:          QUICK_RESCORE
  fast_mode:     True
  universe_mode: (cfg default)
  backtest_years: (cfg default)
  leader_rescue: (cfg default)
  collector:     run
  verdict_only:  True
  Phase 9 C1:    auto
  Phase 9 C2:    auto
  Phase 9 C3:    auto
  Phase 14:      auto
======================================================================
OK: companyfacts.zip 0.3d old, 1321 MB

VERDICT: outputs missing -- cannot run Cell E verdict:
  MISS  /home/runner/work/r1000-quant-engine/r1000-quant-engine/outputs/backtest_metrics.json
  MISS  /home/runner/work/r1000-quant-engine/r1000-quant-engine/outputs/weights_latest.json
  MISS  /home/runner/work/r1000-quant-engine/r1000-quant-engine/outputs/portfolio_latest.csv
