======================================================================
r1000 Quant Engine -- local run
======================================================================
  commit:        3431584 (DIRTY)
  started:       2026-05-25 03:39:39 KST
  base_dir:      /home/runner/work/r1000-quant-engine/r1000-quant-engine
  end_date:      2026-05-25
  mode:          QUICK_RESCORE
  fast_mode:     True
  universe_mode: (cfg default)
  backtest_years: (cfg default)
  leader_rescue: (cfg default)
  collector:     run
  verdict_only:  True
  Phase 9 C1:    auto
  Phase 9 C2:    auto
  Phase 9 C3:    auto
  Phase 14:      auto
======================================================================
OK: companyfacts.zip 0.1d old, 1320 MB

======================================================================
CELL E -- PHASE 9 C1+C2 DIAGNOSTIC
======================================================================

Scored rows: 725

Sleeve distribution (raw):
portfolio_sleeve_label
unassigned         465
early_scout        102
future_winner       94
core_compounder     64

Phase 9 diagnostic columns (expect populated if C2 active):
  phase9_thesis_gate_active                 mean=1.000  sum=725
  phase9_core_eligible                      mean=0.088  sum=64
  phase9_future_eligible                    mean=0.126  sum=91
  phase9_early_eligible                     mean=0.141  sum=102
  phase9_unassigned                         mean=0.646  sum=468
  phase9_mktcap_percentile                  mean=0.501  sum=363

Final portfolio: 14 positions
  Sleeve dist: {'core_compounder': 6, 'early_scout': 4, 'future_winner': 4}
  Top 10 by weight:
ticker portfolio_sleeve_label   weight
  GOOG        core_compounder 0.198037
   VRT        core_compounder 0.124438
   GEV        core_compounder 0.115302
   AMD        core_compounder 0.074428
  MRVL          future_winner 0.074428
   ARM        core_compounder 0.074428
   UMC            early_scout 0.055921
  RKLB          future_winner 0.049218
  NXPI          future_winner 0.046042
   TKR            early_scout 0.038579

======================================================================
METRICS vs baseline: Phase 15-D global_alpha_universe (SHIPPED 2026-04-29)
======================================================================
  metric                          new   baseline          delta
  cagr                         0.2845     0.2451        +3.94pp
  sharpe                       1.7143     1.2453        +0.4690
  max_dd                      -0.1805    -0.2579        +7.74pp
  ir                           1.0629     1.0244        +0.0385
  avg_turnover_monthly         0.5286     0.4854        +4.32pp
  avg_stock_names             20.0976    24.3300        -4.2324
  beat_month_ratio             0.6707     0.5663        +0.1044
  excess_cagr                  0.1481     0.1102        +3.79pp

=== SLEEVE ALLOCATION ===
  target:  {'core_compounder': 0.35000000000000003, 'future_winner': 0.30000000000000004, 'early_scout': 0.35000000000000003}
  actual:  {'core_compounder': 0.6205175770000573, 'future_winner': 0.2082678284302017, 'early_scout': 0.171214594569741}
  counts:  {'core_compounder': 6, 'future_winner': 4, 'early_scout': 4}

=== VERDICT ===
  dCAGR    +3.94pp   (gate >= +0.5pp)
  dSharpe  +0.4690    (gate >= -0.05)
  dMaxDD   +7.74pp   (gate >= -3pp; positive better)
  early_scout selected: 4    (gate >= 4)

  --> SHIP vs Phase 15-D global_alpha_universe (SHIPPED 2026-04-29). Rotate baseline + next phase.

======================================================================
LIFETIME PERFORMANCE (backtest + live, Phase 12D)
======================================================================
  Backtest anchor: 2026-02-27 at equity 5.5349
  Lifetime CAGR:   28.20% over 6.75 years
  Lifetime total:  434.42%
  vs baseline CAGR (24.51%): +3.69pp
  Live extension:  method=no_live_data (no live data yet)
  HINT: edit base_dir/manual_positions.yaml with real broker holdings
        (avg_cost, shares, entry_date) to activate lifetime CAGR.
