======================================================================
r1000 Quant Engine -- local run
======================================================================
  commit:        101aaff (DIRTY)
  started:       2026-05-29 02:57:26 KST
  base_dir:      /home/runner/work/r1000-quant-engine/r1000-quant-engine
  end_date:      2026-05-29
  mode:          QUICK_RESCORE
  fast_mode:     True
  universe_mode: (cfg default)
  backtest_years: (cfg default)
  leader_rescue: (cfg default)
  collector:     run
  verdict_only:  True
  Phase 9 C1:    auto
  Phase 9 C2:    auto
  Phase 9 C3:    auto
  Phase 14:      auto
======================================================================
OK: companyfacts.zip 0.3d old, 1321 MB

======================================================================
CELL E -- PHASE 9 C1+C2 DIAGNOSTIC
======================================================================

Scored rows: 728

Sleeve distribution (raw):
portfolio_sleeve_label
unassigned         458
early_scout        105
future_winner      102
core_compounder     63

Phase 9 diagnostic columns (expect populated if C2 active):
  phase9_thesis_gate_active                 mean=1.000  sum=728
  phase9_core_eligible                      mean=0.087  sum=63
  phase9_future_eligible                    mean=0.135  sum=98
  phase9_early_eligible                     mean=0.144  sum=105
  phase9_unassigned                         mean=0.635  sum=462
  phase9_mktcap_percentile                  mean=0.501  sum=364

Final portfolio: 18 positions
  Sleeve dist: {'core_compounder': 3, 'early_scout': 4, 'future_winner': 10}
  Top 10 by weight:
ticker portfolio_sleeve_label   weight
  GOOG        core_compounder 0.219071
   VRT        core_compounder 0.080000
  CASH                    NaN 0.066588
   WDC          future_winner 0.055986
  LRCX        core_compounder 0.055986
   UMC          future_winner 0.046169
  RKLB          future_winner 0.043947
   NVT          future_winner 0.042212
    ON            early_scout 0.040000
   HPE            early_scout 0.040000

======================================================================
METRICS vs baseline: Phase 15-D global_alpha_universe (SHIPPED 2026-04-29)
======================================================================
  metric                          new   baseline          delta
  cagr                         0.2950     0.2451        +4.99pp
  sharpe                       1.7280     1.2453        +0.4827
  max_dd                      -0.1694    -0.2579        +8.85pp
  ir                           1.2680     1.0244        +0.2436
  avg_turnover_monthly         0.5381     0.4854        +5.27pp
  avg_stock_names             26.6386    24.3300        +2.3086
  beat_month_ratio             0.6386     0.5663        +0.0723
  excess_cagr                  0.1707     0.1102        +6.05pp

=== SLEEVE ALLOCATION ===
  target:  {'core_compounder': 0.35000000000000003, 'future_winner': 0.30000000000000004, 'early_scout': 0.35000000000000003}
  actual:  {'core_compounder': 0.35505648737870715, 'future_winner': 0.418701007105162, 'early_scout': 0.15965475250947947}
  counts:  {'core_compounder': 3, 'future_winner': 10, 'early_scout': 4}

=== VERDICT ===
  dCAGR    +4.99pp   (gate >= +0.5pp)
  dSharpe  +0.4827    (gate >= -0.05)
  dMaxDD   +8.85pp   (gate >= -3pp; positive better)
  early_scout selected: 4    (gate >= 4)

  --> SHIP vs Phase 15-D global_alpha_universe (SHIPPED 2026-04-29). Rotate baseline + next phase.

======================================================================
LIFETIME PERFORMANCE (backtest + live, Phase 12D)
======================================================================
  Backtest anchor: 2026-02-27 at equity 5.9788
  Lifetime CAGR:   30.56% over 6.83 years
  Lifetime total:  517.99%
  vs baseline CAGR (24.51%): +6.05pp
  Live extension:  method=no_live_data (no live data yet)
  HINT: edit base_dir/manual_positions.yaml with real broker holdings
        (avg_cost, shares, entry_date) to activate lifetime CAGR.
