test_all_cash_can_be_a_valid_research_decision (__main__.DecisionTests.test_all_cash_can_be_a_valid_research_decision) ... ok
test_concentration_liquidity_and_stress_caps (__main__.DecisionTests.test_concentration_liquidity_and_stress_caps) ... ok
test_dirty_source_blocks_cli_before_input_or_artifact_access (__main__.DecisionTests.test_dirty_source_blocks_cli_before_input_or_artifact_access) ... ok
test_dividend_does_not_invert_bear_base_bull_order (__main__.DecisionTests.test_dividend_does_not_invert_bear_base_bull_order) ... ok
test_entry_threshold_failure_is_not_incumbent_exit (__main__.DecisionTests.test_entry_threshold_failure_is_not_incumbent_exit) ... ok
test_equal_economic_targets_allow_only_roundoff_not_reversed_scenarios (__main__.DecisionTests.test_equal_economic_targets_allow_only_roundoff_not_reversed_scenarios) ... ok
test_ev_scenario_arithmetic_reverse_and_horizons (__main__.DecisionTests.test_ev_scenario_arithmetic_reverse_and_horizons) ... ok
test_export_tampering_and_mixed_data_kind (__main__.DecisionTests.test_export_tampering_and_mixed_data_kind) ... ok
test_future_regime_and_pending_orders_block (__main__.DecisionTests.test_future_regime_and_pending_orders_block) ... ok
test_fx_adjusted_net_return_controls_entry_and_hold_hurdles (__main__.DecisionTests.test_fx_adjusted_net_return_controls_entry_and_hold_hurdles) ... ok
test_fx_conversion_and_invalid_fx_preserves_local_rank (__main__.DecisionTests.test_fx_conversion_and_invalid_fx_preserves_local_rank) ... ok
test_incumbent_not_exited_on_short_rs_or_entry_failure (__main__.DecisionTests.test_incumbent_not_exited_on_short_rs_or_entry_failure) ... ok
test_industry_equal_weight_and_verified_cap_weight_are_separate (__main__.DecisionTests.test_industry_equal_weight_and_verified_cap_weight_are_separate) ... ok
test_infeasible_top_names_do_not_consume_final_country_slots (__main__.DecisionTests.test_infeasible_top_names_do_not_consume_final_country_slots) ... ok
test_ingestion_refresh_is_not_a_fundamental_revision (__main__.DecisionTests.test_ingestion_refresh_is_not_a_fundamental_revision) ... ok
test_liquidation_must_fit_trade_liquidity_not_only_target_holdings (__main__.DecisionTests.test_liquidation_must_fit_trade_liquidity_not_only_target_holdings) ... ok
test_missing_universe_holding_preserves_valid_book_and_renders_blocker (__main__.DecisionTests.test_missing_universe_holding_preserves_valid_book_and_renders_blocker) ... ok
test_nonpositive_metric_blocks_each_supported_valuation_method (__main__.DecisionTests.test_nonpositive_metric_blocks_each_supported_valuation_method) ... ok
test_optional_provenance_and_cap_changes_are_attributed (__main__.DecisionTests.test_optional_provenance_and_cap_changes_are_attributed) ... ok
test_pe_does_not_subtract_net_debt_twice (__main__.DecisionTests.test_pe_does_not_subtract_net_debt_twice) ... ok
test_probability_horizon_and_duplicate_buyback_block (__main__.DecisionTests.test_probability_horizon_and_duplicate_buyback_block) ... ok
test_removed_candidates_remain_in_change_ledger (__main__.DecisionTests.test_removed_candidates_remain_in_change_ledger) ... ok
test_renderer_changes_get_distinct_executions_and_dirty_engine_never_imports (__main__.DecisionTests.test_renderer_changes_get_distinct_executions_and_dirty_engine_never_imports) ... ok
test_replacement_capacity_cannot_be_reused_for_multiple_incumbents (__main__.DecisionTests.test_replacement_capacity_cannot_be_reused_for_multiple_incumbents) ... ok
test_report_names_return_currencies_ranks_and_four_questions (__main__.DecisionTests.test_report_names_return_currencies_ranks_and_four_questions) ... ok
test_retained_incumbents_consume_final_country_count (__main__.DecisionTests.test_retained_incumbents_consume_final_country_count) ... ok
test_secret_or_legacy_fields_in_custom_config_cannot_be_persisted (__main__.DecisionTests.test_secret_or_legacy_fields_in_custom_config_cannot_be_persisted) ... ok
test_sensitivity_domain_does_not_invalidate_base_valuation (__main__.DecisionTests.test_sensitivity_domain_does_not_invalidate_base_valuation) ... ok
test_small_rank_advantage_does_not_replace_incumbent (__main__.DecisionTests.test_small_rank_advantage_does_not_replace_incumbent) ... ok
test_small_us_two_kr_one_connection (__main__.DecisionTests.test_small_us_two_kr_one_connection) ... ok
test_source_byte_check_ignores_index_flags_and_includes_parent_initializer (__main__.DecisionTests.test_source_byte_check_ignores_index_flags_and_includes_parent_initializer) ... ok
test_strengthened_incumbent_adds_share_remaining_budget (__main__.DecisionTests.test_strengthened_incumbent_adds_share_remaining_budget) ... ok
test_ties_determinism_and_immutable_previous_change_reasons (__main__.DecisionTests.test_ties_determinism_and_immutable_previous_change_reasons) ... ok
test_zero_book_rows_are_new_entry_candidates (__main__.DecisionTests.test_zero_book_rows_are_new_entry_candidates) ... ok
test_zero_clipped_replacement_does_not_sell_incumbent (__main__.DecisionTests.test_zero_clipped_replacement_does_not_sell_incumbent) ... ok

----------------------------------------------------------------------
Ran 35 tests in 28.392s

OK
