======================================================================
r1000 Quant Engine -- local run
======================================================================
  commit:        4c54e63 (DIRTY)
  started:       2026-07-03 08:52:32 KST
  base_dir:      /home/runner/work/r1000-quant-engine/r1000-quant-engine
  end_date:      2026-07-03
  mode:          QUICK_RESCORE
  fast_mode:     True
  universe_mode: (cfg default)
  backtest_years: (cfg default)
  leader_rescue: (cfg default)
  gate_mode:     broker
  collector:     run
  verdict_only:  True
  Phase 9 C1:    auto
  Phase 9 C2:    auto
  Phase 9 C3:    auto
  Phase 14:      auto
======================================================================
OK: companyfacts.zip 0.2d old, 1324 MB

======================================================================
BROKER-LEDGER VERDICT -- OFFICIAL PRODUCTION GATE
======================================================================
Official metric mode required: broker_ledger_next_close
Legacy weight-level metrics are research-only and cannot SHIP.

[main] REJECT
  cagr   0.3061  target >= 0.3500  pass=false
  max_dd -0.2602 target >= -0.2500 pass=false
  sharpe 1.1303
  avg_cash_weight 0.2639
  vs latest full rebuild broker-ledger baseline (run 27088007617): dCAGR -2.85pp, dMaxDD +0.21pp
  OOS  cagr 0.6093 >= floor 0.0822 pass=true | max_dd -0.2426 pass=true
  OOS2 cagr 0.4439 >= floor 0.0822 pass=true | max_dd -0.2426 pass=true

[concentrated] PARTIAL
  cagr   0.4453  target >= 0.5000  pass=false
  max_dd -0.2327 target >= -0.2500 pass=true
  sharpe 1.3543
  avg_cash_weight 0.4154
  vs latest full rebuild broker-ledger baseline (run 27088007617): dCAGR +3.92pp, dMaxDD +6.67pp
  OOS  cagr 1.1881 >= floor 0.0916 pass=true | max_dd -0.2327 pass=true
  OOS2 cagr 0.7305 >= floor 0.0916 pass=true | max_dd -0.2327 pass=true

=== OVERALL VERDICT ===
  --> PARTIAL. Improve failed broker gates before production promotion.
