======================================================================
r1000 Paper Executor - advisor=v3 DRY-RUN
  2026-05-09 07:49:59
======================================================================

[regime] normal       VIX=17.2(yfinance) SPY=$737.62 >200MA($673.43)

[load] v3 picks: 12 positions

[account] cash=$100,000 equity=$100,000 existing positions: 0

Ticker   Weight    Shares     Entry     Limit   $Notional Action  
---------------------------------------------------------------------------
ADI      13.04%     31.32 $  416.52 $  418.60 $    13,109 ADD     
GEV      13.04%     12.54 $ 1040.15 $ 1045.35 $    13,109 ADD     
MRVL     13.04%     76.67 $  170.13 $  170.98 $    13,109 ADD     
VRT       8.70%     25.58 $  339.97 $  341.67 $     8,739 ADD     
NEE       8.70%     93.40 $   93.10 $   93.57 $     8,740 BUY     
NVDA      8.70%     40.41 $  215.20 $  216.28 $     8,739 TRIM    
AVGO      5.80%     13.48 $  430.00 $  432.15 $     5,826 HOLD    
MCHP      5.80%     58.50 $   99.09 $   99.59 $     5,826 BUY     
GOOGL     5.80%     14.46 $  400.80 $  402.80 $     5,826 BUY     
CHDN      5.80%     65.78 $   88.13 $   88.57 $     5,826 BUY     
GOOG      5.80%     14.60 $  397.05 $  399.04 $     5,826 TRIM    
FLEX      5.80%     40.78 $  142.17 $  142.88 $     5,826 BUY     
---------------------------------------------------------------------------
TOTAL Notional: $100,501

[DRY-RUN] no orders placed. Use --execute to go live.
