======================================================================
r1000 Paper Executor - advisor=v3 DRY-RUN
  2026-05-02 07:25:38
======================================================================

[regime] normal       VIX=17.0(yfinance) SPY=$720.65 >200MA($670.94)

[load] v3 picks: 12 positions

[account] cash=$100,000 equity=$100,000 existing positions: 0

Ticker   Weight    Shares     Entry     Limit   $Notional Action  
---------------------------------------------------------------------------
ADI      13.04%     32.80 $  397.69 $  399.68 $    13,109 ADD     
GEV      13.04%     12.27 $ 1062.95 $ 1068.26 $    13,109 ADD     
MRVL     13.04%     79.08 $  164.95 $  165.77 $    13,108 ADD     
VRT       8.70%     26.49 $  328.31 $  329.95 $     8,739 ADD     
NEE       8.70%     89.69 $   96.95 $   97.43 $     8,739 BUY     
NVDA      8.70%     43.82 $  198.45 $  199.44 $     8,739 TRIM    
AVGO      5.80%     13.76 $  421.28 $  423.39 $     5,826 HOLD    
MCHP      5.80%     61.70 $   93.95 $   94.42 $     5,826 BUY     
GOOGL     5.80%     15.03 $  385.69 $  387.62 $     5,826 BUY     
CHDN      5.80%     58.76 $   98.65 $   99.14 $     5,826 BUY     
GOOG      5.80%     15.13 $  383.22 $  385.14 $     5,826 TRIM    
FLEX      5.80%     63.22 $   91.70 $   92.16 $     5,826 BUY     
---------------------------------------------------------------------------
TOTAL Notional: $100,499

[DRY-RUN] no orders placed. Use --execute to go live.
