======================================================================
r1000 Paper Executor - advisor=v3 DRY-RUN
  2026-05-08 15:57:41
======================================================================

[regime] normal       VIX=17.3(yfinance) SPY=$736.18 >200MA($673.42)

[load] v3 picks: 12 positions

[account] cash=$100,000 equity=$100,000 existing positions: 0

Ticker   Weight    Shares     Entry     Limit   $Notional Action  
---------------------------------------------------------------------------
ADI      13.04%     31.46 $  414.56 $  416.63 $    13,109 ADD     
GEV      13.04%     12.52 $ 1041.96 $ 1047.17 $    13,109 ADD     
MRVL     13.04%     78.58 $  166.00 $  166.83 $    13,109 ADD     
VRT       8.70%     25.44 $  341.77 $  343.48 $     8,739 ADD     
NEE       8.70%     93.00 $   93.50 $   93.97 $     8,739 BUY     
NVDA      8.70%     40.26 $  215.99 $  217.07 $     8,739 TRIM    
AVGO      5.80%     13.63 $  425.24 $  427.36 $     5,826 HOLD    
MCHP      5.80%     59.03 $   98.20 $   98.69 $     5,826 BUY     
GOOGL     5.80%     14.54 $  398.82 $  400.81 $     5,826 BUY     
CHDN      5.80%     64.35 $   90.09 $   90.54 $     5,826 BUY     
GOOG      5.80%     14.65 $  395.77 $  397.75 $     5,826 TRIM    
FLEX      5.80%     40.74 $  142.28 $  143.00 $     5,826 BUY     
---------------------------------------------------------------------------
TOTAL Notional: $100,500

[DRY-RUN] no orders placed. Use --execute to go live.
