======================================================================
r1000 Paper Executor - advisor=v3 DRY-RUN
  2026-04-30 15:59:46
======================================================================

[regime] normal       VIX=17.4(yfinance) SPY=$713.64 >200MA($670.43)

[load] v3 picks: 12 positions

[account] cash=$100,000 equity=$100,000 existing positions: 0

Ticker   Weight    Shares     Entry     Limit   $Notional Action  
---------------------------------------------------------------------------
ADI      13.04%     32.65 $  399.49 $  401.49 $    13,109 ADD     
GEV      13.04%     11.95 $ 1091.74 $ 1097.20 $    13,109 ADD     
MRVL     13.04%     79.47 $  164.13 $  164.96 $    13,109 ADD     
VRT       8.70%     27.04 $  321.64 $  323.25 $     8,739 ADD     
NEE       8.70%     90.05 $   96.56 $   97.04 $     8,739 BUY     
NVDA      8.70%     43.28 $  200.90 $  201.90 $     8,739 TRIM    
AVGO      5.80%     14.04 $  412.98 $  415.04 $     5,826 HOLD    
MCHP      5.80%     63.20 $   91.72 $   92.18 $     5,826 BUY     
GOOGL     5.80%     15.44 $  375.56 $  377.44 $     5,826 BUY     
CHDN      5.80%     57.54 $  100.75 $  101.25 $     5,826 BUY     
GOOG      5.80%     15.58 $  372.07 $  373.93 $     5,826 TRIM    
FLEX      5.80%     63.75 $   90.94 $   91.39 $     5,826 BUY     
---------------------------------------------------------------------------
TOTAL Notional: $100,500

[DRY-RUN] no orders placed. Use --execute to go live.
