======================================================================
r1000 Paper Executor - advisor=v3 DRY-RUN
  2026-04-28 16:23:07
======================================================================

[regime] normal       VIX=18.5(yfinance) SPY=$710.22 >200MA($669.53)

[load] v3 picks: 12 positions

[account] cash=$100,000 equity=$100,000 existing positions: 0

Ticker   Weight    Shares     Entry     Limit   $Notional Action  
---------------------------------------------------------------------------
ADI      13.04%     33.90 $  384.75 $  386.67 $    13,109 ADD     
GEV      13.04%     12.13 $ 1074.95 $ 1080.33 $    13,109 ADD     
MRVL     13.04%     85.55 $  152.47 $  153.23 $    13,109 ADD     
VRT       8.70%     28.95 $  300.32 $  301.82 $     8,739 ADD     
NEE       8.70%     90.12 $   96.49 $   96.97 $     8,739 BUY     
NVDA      8.70%     41.30 $  210.54 $  211.59 $     8,739 TRIM    
AVGO      5.80%     14.61 $  396.79 $  398.77 $     5,826 HOLD    
MCHP      5.80%     68.23 $   84.97 $   85.39 $     5,826 BUY     
GOOGL     5.80%     16.60 $  349.12 $  350.87 $     5,826 BUY     
CHDN      5.80%     57.58 $  100.68 $  101.18 $     5,826 BUY     
GOOG      5.80%     16.71 $  346.85 $  348.58 $     5,826 TRIM    
FLEX      5.80%     68.01 $   85.23 $   85.66 $     5,826 BUY     
---------------------------------------------------------------------------
TOTAL Notional: $100,499

[DRY-RUN] no orders placed. Use --execute to go live.
