======================================================================
r1000 Paper Executor - advisor=v3 DRY-RUN
  2026-05-06 16:14:46
======================================================================

[regime] normal       VIX=17.2(yfinance) SPY=$731.48 >200MA($672.38)

[load] v3 picks: 12 positions

[account] cash=$100,000 equity=$100,000 existing positions: 0

Ticker   Weight    Shares     Entry     Limit   $Notional Action  
---------------------------------------------------------------------------
ADI      13.04%     31.42 $  415.09 $  417.17 $    13,109 ADD     
GEV      13.04%     11.75 $ 1110.33 $ 1115.88 $    13,109 ADD     
MRVL     13.04%     76.59 $  170.31 $  171.16 $    13,109 ADD     
VRT       8.70%     24.44 $  355.86 $  357.64 $     8,739 ADD     
NEE       8.70%     90.98 $   95.58 $   96.06 $     8,739 BUY     
NVDA      8.70%     42.28 $  205.66 $  206.69 $     8,739 TRIM    
AVGO      5.80%     13.66 $  424.47 $  426.59 $     5,826 HOLD    
MCHP      5.80%     57.13 $  101.48 $  101.99 $     5,826 BUY     
GOOGL     5.80%     14.54 $  398.77 $  400.76 $     5,826 BUY     
CHDN      5.80%     62.90 $   92.16 $   92.62 $     5,826 BUY     
GOOG      5.80%     14.66 $  395.33 $  397.31 $     5,826 TRIM    
FLEX      5.80%     46.07 $  125.82 $  126.45 $     5,826 BUY     
---------------------------------------------------------------------------
TOTAL Notional: $100,500

[DRY-RUN] no orders placed. Use --execute to go live.
