======================================================================
r1000 Paper Executor - advisor=v3 DRY-RUN
  2026-05-07 16:21:41
======================================================================

[regime] normal       VIX=17.4(yfinance) SPY=$733.40 >200MA($672.92)

[load] v3 picks: 12 positions

[account] cash=$100,000 equity=$100,000 existing positions: 0

Ticker   Weight    Shares     Entry     Limit   $Notional Action  
---------------------------------------------------------------------------
ADI      13.04%     31.99 $  407.72 $  409.76 $    13,109 ADD     
GEV      13.04%     12.30 $ 1060.23 $ 1065.54 $    13,109 ADD     
MRVL     13.04%     80.75 $  161.53 $  162.33 $    13,108 ADD     
VRT       8.70%     25.78 $  337.33 $  339.02 $     8,739 ADD     
NEE       8.70%     92.61 $   93.89 $   94.36 $     8,739 BUY     
NVDA      8.70%     41.12 $  211.44 $  212.50 $     8,739 TRIM    
AVGO      5.80%     13.88 $  417.59 $  419.68 $     5,826 HOLD    
MCHP      5.80%     57.78 $  100.33 $  100.84 $     5,826 BUY     
GOOGL     5.80%     14.75 $  393.06 $  395.03 $     5,826 BUY     
CHDN      5.80%     64.02 $   90.55 $   91.00 $     5,826 BUY     
GOOG      5.80%     14.84 $  390.70 $  392.65 $     5,826 TRIM    
FLEX      5.80%     43.67 $  132.74 $  133.40 $     5,826 BUY     
---------------------------------------------------------------------------
TOTAL Notional: $100,500

[DRY-RUN] no orders placed. Use --execute to go live.
