======================================================================
r1000 Paper Executor - advisor=v3 DRY-RUN
  2026-05-04 16:17:45
======================================================================

[regime] normal       VIX=18.6(yfinance) SPY=$717.59 >200MA($671.39)

[load] v3 picks: 12 positions

[account] cash=$100,000 equity=$100,000 existing positions: 0

Ticker   Weight    Shares     Entry     Limit   $Notional Action  
---------------------------------------------------------------------------
ADI      13.04%     33.24 $  392.43 $  394.39 $    13,109 ADD     
GEV      13.04%     12.20 $ 1068.90 $ 1074.24 $    13,109 ADD     
MRVL     13.04%     80.27 $  162.50 $  163.31 $    13,109 ADD     
VRT       8.70%     26.90 $  323.24 $  324.86 $     8,739 ADD     
NEE       8.70%     90.58 $   96.00 $   96.48 $     8,739 BUY     
NVDA      8.70%     44.48 $  195.50 $  196.48 $     8,739 TRIM    
AVGO      5.80%     14.13 $  410.35 $  412.40 $     5,826 HOLD    
MCHP      5.80%     61.31 $   94.55 $   95.02 $     5,826 BUY     
GOOGL     5.80%     15.21 $  381.20 $  383.11 $     5,826 BUY     
CHDN      5.80%     63.02 $   92.00 $   92.45 $     5,826 BUY     
GOOG      5.80%     15.31 $  378.76 $  380.66 $     5,826 TRIM    
FLEX      5.80%     63.61 $   91.14 $   91.60 $     5,826 BUY     
---------------------------------------------------------------------------
TOTAL Notional: $100,500

[DRY-RUN] no orders placed. Use --execute to go live.
