======================================================================
r1000 Paper Executor - advisor=v3 DRY-RUN
  2026-04-29 16:11:42
======================================================================

[regime] normal       VIX=18.6(yfinance) SPY=$709.55 >200MA($669.97)

[load] v3 picks: 12 positions

[account] cash=$100,000 equity=$100,000 existing positions: 0

Ticker   Weight    Shares     Entry     Limit   $Notional Action  
---------------------------------------------------------------------------
ADI      13.04%     33.49 $  389.51 $  391.46 $    13,109 ADD     
GEV      13.04%     12.38 $ 1053.26 $ 1058.53 $    13,109 ADD     
MRVL     13.04%     84.40 $  154.54 $  155.31 $    13,108 ADD     
VRT       8.70%     28.79 $  302.00 $  303.51 $     8,739 ADD     
NEE       8.70%     90.44 $   96.15 $   96.63 $     8,739 BUY     
NVDA      8.70%     41.20 $  211.07 $  212.13 $     8,739 TRIM    
AVGO      5.80%     14.51 $  399.42 $  401.41 $     5,826 HOLD    
MCHP      5.80%     65.37 $   88.68 $   89.12 $     5,826 BUY     
GOOGL     5.80%     16.54 $  350.43 $  352.18 $     5,826 BUY     
CHDN      5.80%     57.42 $  100.96 $  101.47 $     5,826 BUY     
GOOG      5.80%     16.65 $  348.16 $  349.90 $     5,826 TRIM    
FLEX      5.80%     65.48 $   88.53 $   88.97 $     5,826 BUY     
---------------------------------------------------------------------------
TOTAL Notional: $100,500

[DRY-RUN] no orders placed. Use --execute to go live.
