======================================================================
r1000 Paper Executor - advisor=v3 DRY-RUN
  2026-05-01 15:31:58
======================================================================

[regime] normal       VIX=16.7(yfinance) SPY=$723.10 >200MA($670.95)

[load] v3 picks: 12 positions

[account] cash=$100,000 equity=$100,000 existing positions: 0

Ticker   Weight    Shares     Entry     Limit   $Notional Action  
---------------------------------------------------------------------------
ADI      13.04%     32.76 $  398.13 $  400.12 $    13,109 ADD     
GEV      13.04%     12.16 $ 1072.59 $ 1077.95 $    13,109 ADD     
MRVL     13.04%     79.13 $  164.83 $  165.65 $    13,108 ADD     
VRT       8.70%     26.46 $  328.61 $  330.25 $     8,739 ADD     
NEE       8.70%     88.73 $   98.00 $   98.49 $     8,739 BUY     
NVDA      8.70%     43.72 $  198.91 $  199.91 $     8,739 TRIM    
AVGO      5.80%     13.75 $  421.49 $  423.59 $     5,826 HOLD    
MCHP      5.80%     62.10 $   93.35 $   93.82 $     5,826 BUY     
GOOGL     5.80%     15.04 $  385.54 $  387.46 $     5,826 BUY     
CHDN      5.80%     58.89 $   98.44 $   98.93 $     5,826 BUY     
GOOG      5.80%     15.17 $  382.17 $  384.08 $     5,826 TRIM    
FLEX      5.80%     63.12 $   91.84 $   92.30 $     5,826 BUY     
---------------------------------------------------------------------------
TOTAL Notional: $100,499

[DRY-RUN] no orders placed. Use --execute to go live.
