======================================================================
r1000 Quant Engine -- local run
======================================================================
  commit:        ddd09ce (DIRTY)
  started:       2026-05-29 21:32:10 KST
  base_dir:      /home/runner/work/r1000-quant-engine/r1000-quant-engine
  end_date:      2026-05-29
  mode:          QUICK_RESCORE
  fast_mode:     True
  universe_mode: (cfg default)
  backtest_years: (cfg default)
  leader_rescue: (cfg default)
  collector:     run
  verdict_only:  True
  Phase 9 C1:    auto
  Phase 9 C2:    auto
  Phase 9 C3:    auto
  Phase 14:      auto
======================================================================
OK: companyfacts.zip 0.1d old, 1321 MB

======================================================================
CELL E -- PHASE 9 C1+C2 DIAGNOSTIC
======================================================================

Scored rows: 733

Sleeve distribution (raw):
portfolio_sleeve_label
unassigned         453
early_scout        115
future_winner      101
core_compounder     64

Phase 9 diagnostic columns (expect populated if C2 active):
  phase9_thesis_gate_active                 mean=1.000  sum=733
  phase9_core_eligible                      mean=0.087  sum=64
  phase9_future_eligible                    mean=0.132  sum=97
  phase9_early_eligible                     mean=0.157  sum=115
  phase9_unassigned                         mean=0.623  sum=457
  phase9_mktcap_percentile                  mean=0.501  sum=367

Final portfolio: 15 positions
  Sleeve dist: {'core_compounder': 5, 'early_scout': 5, 'future_winner': 4}
  Top 10 by weight:
ticker portfolio_sleeve_label   weight
 GOOGL        core_compounder 0.186323
   TKR            early_scout 0.081778
  CASH                    NaN 0.081151
   VRT        core_compounder 0.080000
   UMC          future_winner 0.075502
   NVT          future_winner 0.067043
   FIX        core_compounder 0.066772
  NXPI          future_winner 0.061430
  MRVL          future_winner 0.057278
  AMAT        core_compounder 0.057278

======================================================================
METRICS vs baseline: Phase 15-D global_alpha_universe (SHIPPED 2026-04-29)
======================================================================
  metric                          new   baseline          delta
  cagr                         0.3157     0.2451        +7.06pp
  sharpe                       1.6970     1.2453        +0.4517
  max_dd                      -0.1738    -0.2579        +8.41pp
  ir                           1.2749     1.0244        +0.2505
  avg_turnover_monthly         0.5382     0.4854        +5.28pp
  avg_stock_names             19.9518    24.3300        -4.3782
  beat_month_ratio             0.6506     0.5663        +0.0843
  excess_cagr                  0.1914     0.1102        +8.12pp

=== SLEEVE ALLOCATION ===
  target:  {'core_compounder': 0.25, 'future_winner': 0.35, 'early_scout': 0.4}
  actual:  {'core_compounder': 0.44765036448598977, 'future_winner': 0.2612532265146513, 'early_scout': 0.20994510070833483}
  counts:  {'core_compounder': 5, 'future_winner': 4, 'early_scout': 5}

=== VERDICT ===
  dCAGR    +7.06pp   (gate >= +0.5pp)
  dSharpe  +0.4517    (gate >= -0.05)
  dMaxDD   +8.41pp   (gate >= -3pp; positive better)
  early_scout selected: 5    (gate >= 4)

  --> SHIP vs Phase 15-D global_alpha_universe (SHIPPED 2026-04-29). Rotate baseline + next phase.

======================================================================
LIFETIME PERFORMANCE (backtest + live, Phase 12D)
======================================================================
  Backtest anchor: 2026-02-27 at equity 6.6702
  Lifetime CAGR:   32.27% over 6.83 years
  Lifetime total:  575.68%
  vs baseline CAGR (24.51%): +7.76pp
  Live extension:  method=no_live_data (no live data yet)
  HINT: edit base_dir/manual_positions.yaml with real broker holdings
        (avg_cost, shares, entry_date) to activate lifetime CAGR.
