======================================================================
r1000 Quant Engine -- local run
======================================================================
  commit:        11eba2a (DIRTY)
  started:       2026-05-14 20:54:20 KST
  base_dir:      /home/runner/work/r1000-quant-engine/r1000-quant-engine
  end_date:      2026-05-14
  mode:          QUICK_RESCORE
  fast_mode:     True
  universe_mode: (cfg default)
  backtest_years: (cfg default)
  leader_rescue: (cfg default)
  collector:     run
  verdict_only:  True
  Phase 9 C1:    auto
  Phase 9 C2:    auto
  Phase 9 C3:    auto
  Phase 14:      auto
======================================================================
OK: companyfacts.zip 0.1d old, 1317 MB

======================================================================
CELL E -- PHASE 9 C1+C2 DIAGNOSTIC
======================================================================

Scored rows: 737

Sleeve distribution (raw):
portfolio_sleeve_label
unassigned         466
early_scout        109
future_winner       98
core_compounder     64

Phase 9 diagnostic columns (expect populated if C2 active):
  phase9_thesis_gate_active                 mean=1.000  sum=737
  phase9_core_eligible                      mean=0.087  sum=64
  phase9_future_eligible                    mean=0.126  sum=93
  phase9_early_eligible                     mean=0.148  sum=109
  phase9_unassigned                         mean=0.639  sum=471
  phase9_mktcap_percentile                  mean=0.501  sum=369

Final portfolio: 18 positions
  Sleeve dist: {'core_compounder': 5, 'early_scout': 5, 'future_winner': 8}
  Top 10 by weight:
ticker portfolio_sleeve_label   weight
  GOOG        core_compounder 0.140000
   GEV        core_compounder 0.119312
   AMD        core_compounder 0.057011
  MRVL          future_winner 0.057011
   VRT        core_compounder 0.057011
   WDC          future_winner 0.052527
   FIX        core_compounder 0.050953
   UMC          future_winner 0.049379
   FTI          future_winner 0.048761
  CBOE          future_winner 0.048035

======================================================================
METRICS vs baseline: Phase 15-D global_alpha_universe (SHIPPED 2026-04-29)
======================================================================
  metric                          new   baseline          delta
  cagr                         0.3087     0.2451        +6.36pp
  sharpe                       1.7203     1.2453        +0.4750
  max_dd                      -0.1851    -0.2579        +7.28pp
  ir                           1.2797     1.0244        +0.2553
  avg_turnover_monthly         0.5446     0.4854        +5.92pp
  avg_stock_names             25.8554    24.3300        +1.5254
  beat_month_ratio             0.6627     0.5663        +0.0964
  excess_cagr                  0.1844     0.1102        +7.42pp

=== SLEEVE ALLOCATION ===
  target:  {'core_compounder': 0.25, 'future_winner': 0.35, 'early_scout': 0.4}
  actual:  {'core_compounder': 0.4242863012404858, 'future_winner': 0.37571369875951416, 'early_scout': 0.2}
  counts:  {'core_compounder': 5, 'future_winner': 8, 'early_scout': 5}

=== VERDICT ===
  dCAGR    +6.36pp   (gate >= +0.5pp)
  dSharpe  +0.4750    (gate >= -0.05)
  dMaxDD   +7.28pp   (gate >= -3pp; positive better)
  early_scout selected: 5    (gate >= 4)

  --> SHIP vs Phase 15-D global_alpha_universe (SHIPPED 2026-04-29). Rotate baseline + next phase.

======================================================================
LIFETIME PERFORMANCE (backtest + live, Phase 12D)
======================================================================
  Backtest anchor: 2026-02-27 at equity 6.4291
  Lifetime CAGR:   31.66% over 6.83 years
  Lifetime total:  554.48%
  vs baseline CAGR (24.51%): +7.15pp
  Live extension:  method=no_live_data (no live data yet)
  HINT: edit base_dir/manual_positions.yaml with real broker holdings
        (avg_cost, shares, entry_date) to activate lifetime CAGR.
