======================================================================
r1000 Quant Engine -- local run
======================================================================
  commit:        507bc45 (DIRTY)
  started:       2026-05-06 02:20:20 KST
  base_dir:      /home/runner/work/r1000-quant-engine/r1000-quant-engine
  end_date:      2026-05-06
  mode:          QUICK_RESCORE
  fast_mode:     True
  universe_mode: (cfg default)
  backtest_years: (cfg default)
  collector:     run
  verdict_only:  True
  Phase 9 C1:    auto
  Phase 9 C2:    auto
  Phase 9 C3:    auto
  Phase 14:      auto
======================================================================
OK: companyfacts.zip 0.1d old, 1310 MB

======================================================================
CELL E -- PHASE 9 C1+C2 DIAGNOSTIC
======================================================================

Scored rows: 686

Sleeve distribution (raw):
portfolio_sleeve_label
unassigned         425
early_scout        106
future_winner       95
core_compounder     60

Phase 9 diagnostic columns (expect populated if C2 active):
  phase9_thesis_gate_active                 mean=1.000  sum=686
  phase9_core_eligible                      mean=0.090  sum=62
  phase9_future_eligible                    mean=0.128  sum=88
  phase9_early_eligible                     mean=0.155  sum=106
  phase9_unassigned                         mean=0.627  sum=430
  phase9_mktcap_percentile                  mean=0.501  sum=344

Final portfolio: 18 positions
  Sleeve dist: {'core_compounder': 8, 'early_scout': 4, 'future_winner': 5}
  Top 10 by weight:
ticker portfolio_sleeve_label   weight
  GOOG        core_compounder 0.152121
  AMZN        core_compounder 0.128052
   GEV        core_compounder 0.080000
  PLTR        core_compounder 0.058936
   VRT        core_compounder 0.058936
  LRCX        core_compounder 0.056318
   FTI          future_winner 0.041069
   TER        core_compounder 0.040000
    ON            early_scout 0.040000
   STM            early_scout 0.040000

======================================================================
METRICS vs baseline: Phase 15-D global_alpha_universe (SHIPPED 2026-04-29)
======================================================================
  metric                          new   baseline          delta
  cagr                         0.2110     0.2451        -3.41pp
  sharpe                       1.1428     1.2453        -0.1025
  max_dd                      -0.2590    -0.2579        -0.11pp
  ir                           0.7783     1.0244        -0.2461
  avg_turnover_monthly         0.4998     0.4854        +1.44pp
  avg_stock_names             25.5060    24.3300        +1.1760
  beat_month_ratio             0.5904     0.5663        +0.0241
  excess_cagr                  0.0867     0.1102        -2.35pp

=== SLEEVE ALLOCATION ===
  target:  {'core_compounder': 0.35000000000000003, 'future_winner': 0.30000000000000004, 'early_scout': 0.35000000000000003}
  actual:  {'core_compounder': 0.6121783688064307, 'future_winner': 0.1945426051712908, 'early_scout': 0.16}
  counts:  {'core_compounder': 8, 'future_winner': 5, 'early_scout': 4}

=== VERDICT ===
  dCAGR    -3.41pp   (gate >= +0.5pp)
  dSharpe  -0.1025    (gate >= -0.05)
  dMaxDD   -0.11pp   (gate >= -3pp; positive better)
  early_scout selected: 4    (gate >= 4)

  --> REGRESS vs Phase 15-D global_alpha_universe (SHIPPED 2026-04-29). See SESSION_HANDOFF.md §3c (rollback).

======================================================================
LIFETIME PERFORMANCE (backtest + live, Phase 12D)
======================================================================
  Backtest anchor: 2026-02-27 at equity 3.7600
  Lifetime CAGR:   21.78% over 6.83 years
  Lifetime total:  284.11%
  vs baseline CAGR (24.51%): -2.73pp
  Live extension:  method=no_live_data (no live data yet)
  HINT: edit base_dir/manual_positions.yaml with real broker holdings
        (avg_cost, shares, entry_date) to activate lifetime CAGR.
