======================================================================
r1000 Quant Engine -- local run
======================================================================
  commit:        247cdf9 (DIRTY)
  started:       2026-05-13 23:25:51 KST
  base_dir:      /home/runner/work/r1000-quant-engine/r1000-quant-engine
  end_date:      2026-05-13
  mode:          QUICK_RESCORE
  fast_mode:     True
  universe_mode: (cfg default)
  backtest_years: (cfg default)
  leader_rescue: (cfg default)
  collector:     run
  verdict_only:  True
  Phase 9 C1:    auto
  Phase 9 C2:    auto
  Phase 9 C3:    auto
  Phase 14:      auto
======================================================================
OK: companyfacts.zip 0.2d old, 1316 MB

======================================================================
CELL E -- PHASE 9 C1+C2 DIAGNOSTIC
======================================================================

Scored rows: 732

Sleeve distribution (raw):
portfolio_sleeve_label
unassigned         456
early_scout        111
future_winner      100
core_compounder     65

Phase 9 diagnostic columns (expect populated if C2 active):
  phase9_thesis_gate_active                 mean=1.000  sum=732
  phase9_core_eligible                      mean=0.089  sum=65
  phase9_future_eligible                    mean=0.127  sum=93
  phase9_early_eligible                     mean=0.154  sum=113
  phase9_unassigned                         mean=0.630  sum=461
  phase9_mktcap_percentile                  mean=0.501  sum=366

Final portfolio: 13 positions
  Sleeve dist: {'core_compounder': 6, 'early_scout': 2, 'future_winner': 5}
  Top 10 by weight:
ticker portfolio_sleeve_label   weight
  GOOG        core_compounder 0.175276
   GEV        core_compounder 0.131681
  AMZN        core_compounder 0.119453
  PLTR        core_compounder 0.083113
   VRT        core_compounder 0.083113
   GLW          future_winner 0.071088
  LRCX        core_compounder 0.065694
  RKLB          future_winner 0.059196
   FTI          future_winner 0.051385
    ON            early_scout 0.040000

======================================================================
METRICS vs baseline: Phase 15-D global_alpha_universe (SHIPPED 2026-04-29)
======================================================================
  metric                          new   baseline          delta
  cagr                         0.2831     0.2451        +3.80pp
  sharpe                       1.6826     1.2453        +0.4373
  max_dd                      -0.1624    -0.2579        +9.55pp
  ir                           1.2316     1.0244        +0.2072
  avg_turnover_monthly         0.5196     0.4854        +3.42pp
  avg_stock_names             19.2651    24.3300        -5.0649
  beat_month_ratio             0.6747     0.5663        +0.1084
  excess_cagr                  0.1588     0.1102        +4.86pp

=== SLEEVE ALLOCATION ===
  target:  {'core_compounder': 0.35000000000000003, 'future_winner': 0.30000000000000004, 'early_scout': 0.35000000000000003}
  actual:  {'core_compounder': 0.6583311439226962, 'future_winner': 0.2616688560773038, 'early_scout': 0.08}
  counts:  {'core_compounder': 6, 'future_winner': 5, 'early_scout': 2}

=== VERDICT ===
  dCAGR    +3.80pp   (gate >= +0.5pp)
  dSharpe  +0.4373    (gate >= -0.05)
  dMaxDD   +9.55pp   (gate >= -3pp; positive better)
  early_scout selected: 2    (gate >= 4)

  --> PARTIAL vs Phase 15-D global_alpha_universe (SHIPPED 2026-04-29). See SESSION_HANDOFF.md §3b (A/B isolation).

======================================================================
LIFETIME PERFORMANCE (backtest + live, Phase 12D)
======================================================================
  Backtest anchor: 2026-02-27 at equity 5.6077
  Lifetime CAGR:   28.86% over 6.83 years
  Lifetime total:  465.25%
  vs baseline CAGR (24.51%): +4.35pp
  Live extension:  method=no_live_data (no live data yet)
  HINT: edit base_dir/manual_positions.yaml with real broker holdings
        (avg_cost, shares, entry_date) to activate lifetime CAGR.
