======================================================================
r1000 Quant Engine -- local run
======================================================================
  commit:        efa2473 (DIRTY)
  started:       2026-06-29 22:44:48 KST
  base_dir:      /home/runner/work/r1000-quant-engine/r1000-quant-engine
  end_date:      2026-06-29
  mode:          QUICK_RESCORE
  fast_mode:     True
  universe_mode: (cfg default)
  backtest_years: (cfg default)
  leader_rescue: (cfg default)
  gate_mode:     broker
  collector:     run
  verdict_only:  True
  Phase 9 C1:    auto
  Phase 9 C2:    auto
  Phase 9 C3:    auto
  Phase 14:      auto
======================================================================
OK: companyfacts.zip 0.2d old, 1324 MB

======================================================================
BROKER-LEDGER VERDICT -- OFFICIAL PRODUCTION GATE
======================================================================
Official metric mode required: broker_ledger_next_close
Legacy weight-level metrics are research-only and cannot SHIP.

[main] SHIP
  cagr   0.3528  target >= 0.3500  pass=true
  max_dd -0.2425 target >= -0.2500 pass=true
  sharpe 1.2681
  avg_cash_weight 0.2654
  vs latest full rebuild broker-ledger baseline (run 27088007617): dCAGR +1.82pp, dMaxDD +1.98pp
  OOS  cagr 0.7261 >= floor 0.0931 pass=true | max_dd -0.2425 pass=true
  OOS2 cagr 0.5058 >= floor 0.0931 pass=true | max_dd -0.2425 pass=true

[concentrated] PARTIAL
  cagr   0.4666  target >= 0.5000  pass=false
  max_dd -0.2412 target >= -0.2500 pass=true
  sharpe 1.4005
  avg_cash_weight 0.4048
  vs latest full rebuild broker-ledger baseline (run 27088007617): dCAGR +6.05pp, dMaxDD +5.82pp
  OOS  cagr 1.2229 >= floor 0.0994 pass=true | max_dd -0.2402 pass=true
  OOS2 cagr 0.7349 >= floor 0.0994 pass=true | max_dd -0.2402 pass=true

=== OVERALL VERDICT ===
  --> PARTIAL. Improve failed broker gates before production promotion.
