======================================================================
r1000 Quant Engine -- local run
======================================================================
  commit:        5bffbd1 (DIRTY)
  started:       2026-05-26 22:24:30 KST
  base_dir:      /home/runner/work/r1000-quant-engine/r1000-quant-engine
  end_date:      2026-05-26
  mode:          QUICK_RESCORE
  fast_mode:     True
  universe_mode: (cfg default)
  backtest_years: (cfg default)
  leader_rescue: (cfg default)
  collector:     run
  verdict_only:  True
  Phase 9 C1:    auto
  Phase 9 C2:    auto
  Phase 9 C3:    auto
  Phase 14:      auto
======================================================================
OK: companyfacts.zip 0.4d old, 1320 MB

======================================================================
CELL E -- PHASE 9 C1+C2 DIAGNOSTIC
======================================================================

Scored rows: 727

Sleeve distribution (raw):
portfolio_sleeve_label
unassigned         469
early_scout        100
future_winner       95
core_compounder     63

Phase 9 diagnostic columns (expect populated if C2 active):
  phase9_thesis_gate_active                 mean=1.000  sum=727
  phase9_core_eligible                      mean=0.087  sum=63
  phase9_future_eligible                    mean=0.127  sum=92
  phase9_early_eligible                     mean=0.138  sum=100
  phase9_unassigned                         mean=0.649  sum=472
  phase9_mktcap_percentile                  mean=0.501  sum=364

Final portfolio: 19 positions
  Sleeve dist: {'core_compounder': 5, 'early_scout': 6, 'future_winner': 7}
  Top 10 by weight:
ticker portfolio_sleeve_label   weight
   GEV        core_compounder 0.129902
   VRT        core_compounder 0.080000
  MRVL          future_winner 0.060890
   ARM        core_compounder 0.060890
  LRCX        core_compounder 0.060890
  NXPI          future_winner 0.059988
  CBOE          future_winner 0.055062
    SU          future_winner 0.053303
  ROST          future_winner 0.051646
  CASH                    NaN 0.046645

======================================================================
METRICS vs baseline: Phase 15-D global_alpha_universe (SHIPPED 2026-04-29)
======================================================================
  metric                          new   baseline          delta
  cagr                         0.3056     0.2451        +6.05pp
  sharpe                       1.7181     1.2453        +0.4728
  max_dd                      -0.1679    -0.2579        +9.00pp
  ir                           1.2695     1.0244        +0.2451
  avg_turnover_monthly         0.5416     0.4854        +5.62pp
  avg_stock_names             28.3735    24.3300        +4.0435
  beat_month_ratio             0.6506     0.5663        +0.0843
  excess_cagr                  0.1813     0.1102        +7.11pp

=== SLEEVE ALLOCATION ===
  target:  {'core_compounder': 0.25, 'future_winner': 0.35, 'early_scout': 0.4}
  actual:  {'core_compounder': 0.36579288441028146, 'future_winner': 0.3540504047647721, 'early_scout': 0.23351168807982348}
  counts:  {'core_compounder': 5, 'future_winner': 7, 'early_scout': 6}

=== VERDICT ===
  dCAGR    +6.05pp   (gate >= +0.5pp)
  dSharpe  +0.4728    (gate >= -0.05)
  dMaxDD   +9.00pp   (gate >= -3pp; positive better)
  early_scout selected: 6    (gate >= 4)

  --> SHIP vs Phase 15-D global_alpha_universe (SHIPPED 2026-04-29). Rotate baseline + next phase.

======================================================================
LIFETIME PERFORMANCE (backtest + live, Phase 12D)
======================================================================
  Backtest anchor: 2026-02-27 at equity 6.3237
  Lifetime CAGR:   31.48% over 6.83 years
  Lifetime total:  548.63%
  vs baseline CAGR (24.51%): +6.97pp
  Live extension:  method=no_live_data (no live data yet)
  HINT: edit base_dir/manual_positions.yaml with real broker holdings
        (avg_cost, shares, entry_date) to activate lifetime CAGR.
