======================================================================
r1000 Quant Engine -- local run
======================================================================
  commit:        98f7ed7 (DIRTY)
  started:       2026-06-29 17:52:02 KST
  base_dir:      /home/runner/work/r1000-quant-engine/r1000-quant-engine
  end_date:      2026-06-29
  mode:          QUICK_RESCORE
  fast_mode:     True
  universe_mode: (cfg default)
  backtest_years: (cfg default)
  leader_rescue: (cfg default)
  gate_mode:     broker
  collector:     run
  verdict_only:  True
  Phase 9 C1:    auto
  Phase 9 C2:    auto
  Phase 9 C3:    auto
  Phase 14:      auto
======================================================================
WARNING: cache_prices missing under /home/runner/work/r1000-quant-engine/r1000-quant-engine -- first-time run, will be created
WARNING: cache_macro missing under /home/runner/work/r1000-quant-engine/r1000-quant-engine -- first-time run, will be created
WARNING: cache_sec_actual missing under /home/runner/work/r1000-quant-engine/r1000-quant-engine -- first-time run, will be created
WARNING: feature_store missing under /home/runner/work/r1000-quant-engine/r1000-quant-engine -- first-time run, will be created
WARNING: companyfacts.zip not found under base_dir or outputs/. Per-CIK fallback only — slow + may exhaust API budget. Run `python tools/refresh_companyfacts_bulk.py --base-dir <path>` to download.

======================================================================
BROKER-LEDGER VERDICT -- OFFICIAL PRODUCTION GATE
======================================================================
Official metric mode required: broker_ledger_next_close
Legacy weight-level metrics are research-only and cannot SHIP.

VERDICT: DEFERRED -- broker_replay evidence not yet written by sidecars
  PENDING  /home/runner/work/r1000-quant-engine/r1000-quant-engine/outputs/broker_replay/main/metrics.json
  PENDING  /home/runner/work/r1000-quant-engine/r1000-quant-engine/outputs/broker_replay/concentrated/metrics.json
  PENDING  /home/runner/work/r1000-quant-engine/r1000-quant-engine/outputs/account_evaluation/official_metrics.json
