======================================================================
r1000 Quant Engine -- local run
======================================================================
  commit:        0a7daeb (DIRTY)
  started:       2026-05-14 16:36:01 KST
  base_dir:      /home/runner/work/r1000-quant-engine/r1000-quant-engine
  end_date:      2026-05-14
  mode:          QUICK_RESCORE
  fast_mode:     True
  universe_mode: (cfg default)
  backtest_years: (cfg default)
  leader_rescue: (cfg default)
  collector:     run
  verdict_only:  True
  Phase 9 C1:    auto
  Phase 9 C2:    auto
  Phase 9 C3:    auto
  Phase 14:      auto
======================================================================
OK: companyfacts.zip 0.2d old, 1316 MB

======================================================================
CELL E -- PHASE 9 C1+C2 DIAGNOSTIC
======================================================================

Scored rows: 732

Sleeve distribution (raw):
portfolio_sleeve_label
unassigned         461
early_scout        109
future_winner       98
core_compounder     64

Phase 9 diagnostic columns (expect populated if C2 active):
  phase9_thesis_gate_active                 mean=1.000  sum=732
  phase9_core_eligible                      mean=0.087  sum=64
  phase9_future_eligible                    mean=0.127  sum=93
  phase9_early_eligible                     mean=0.149  sum=109
  phase9_unassigned                         mean=0.637  sum=466
  phase9_mktcap_percentile                  mean=0.501  sum=366

Final portfolio: 17 positions
  Sleeve dist: {'core_compounder': 4, 'early_scout': 4, 'future_winner': 9}
  Top 10 by weight:
ticker portfolio_sleeve_label   weight
 GOOGL        core_compounder 0.140000
   GEV        core_compounder 0.140000
  MRVL          future_winner 0.056794
   ARM          future_winner 0.056794
   VRT        core_compounder 0.056794
   FIX        core_compounder 0.056794
  RKLB          future_winner 0.054475
   UMC          future_winner 0.053075
   FTI          future_winner 0.052810
  CBOE          future_winner 0.052463

======================================================================
METRICS vs baseline: Phase 15-D global_alpha_universe (SHIPPED 2026-04-29)
======================================================================
  metric                          new   baseline          delta
  cagr                         0.2979     0.2451        +5.28pp
  sharpe                       1.7112     1.2453        +0.4659
  max_dd                      -0.1665    -0.2579        +9.14pp
  ir                           1.2653     1.0244        +0.2409
  avg_turnover_monthly         0.5341     0.4854        +4.87pp
  avg_stock_names             25.3494    24.3300        +1.0194
  beat_month_ratio             0.6747     0.5663        +0.1084
  excess_cagr                  0.1735     0.1102        +6.33pp

=== SLEEVE ALLOCATION ===
  target:  {'core_compounder': 0.35000000000000003, 'future_winner': 0.30000000000000004, 'early_scout': 0.35000000000000003}
  actual:  {'core_compounder': 0.39358844862060954, 'future_winner': 0.44641155137939037, 'early_scout': 0.16}
  counts:  {'core_compounder': 4, 'future_winner': 9, 'early_scout': 4}

=== VERDICT ===
  dCAGR    +5.28pp   (gate >= +0.5pp)
  dSharpe  +0.4659    (gate >= -0.05)
  dMaxDD   +9.14pp   (gate >= -3pp; positive better)
  early_scout selected: 4    (gate >= 4)

  --> SHIP vs Phase 15-D global_alpha_universe (SHIPPED 2026-04-29). Rotate baseline + next phase.

======================================================================
LIFETIME PERFORMANCE (backtest + live, Phase 12D)
======================================================================
  Backtest anchor: 2026-02-27 at equity 6.0696
  Lifetime CAGR:   30.38% over 6.83 years
  Lifetime total:  512.38%
  vs baseline CAGR (24.51%): +5.87pp
  Live extension:  method=no_live_data (no live data yet)
  HINT: edit base_dir/manual_positions.yaml with real broker holdings
        (avg_cost, shares, entry_date) to activate lifetime CAGR.
