======================================================================
r1000 Quant Engine -- local run
======================================================================
  commit:        501b5b8 (DIRTY)
  started:       2026-05-17 03:04:56 KST
  base_dir:      /home/runner/work/r1000-quant-engine/r1000-quant-engine
  end_date:      2026-05-17
  mode:          QUICK_RESCORE
  fast_mode:     True
  universe_mode: (cfg default)
  backtest_years: (cfg default)
  leader_rescue: (cfg default)
  collector:     run
  verdict_only:  True
  Phase 9 C1:    auto
  Phase 9 C2:    auto
  Phase 9 C3:    auto
  Phase 14:      auto
======================================================================
OK: companyfacts.zip 0.1d old, 1320 MB

======================================================================
CELL E -- PHASE 9 C1+C2 DIAGNOSTIC
======================================================================

Scored rows: 746

Sleeve distribution (raw):
portfolio_sleeve_label
unassigned         475
early_scout        107
future_winner       97
core_compounder     67

Phase 9 diagnostic columns (expect populated if C2 active):
  phase9_thesis_gate_active                 mean=1.000  sum=746
  phase9_core_eligible                      mean=0.090  sum=67
  phase9_future_eligible                    mean=0.127  sum=95
  phase9_early_eligible                     mean=0.143  sum=107
  phase9_unassigned                         mean=0.639  sum=477
  phase9_mktcap_percentile                  mean=0.501  sum=373

Final portfolio: 17 positions
  Sleeve dist: {'core_compounder': 8, 'early_scout': 2, 'future_winner': 7}
  Top 10 by weight:
ticker portfolio_sleeve_label   weight
  GOOG        core_compounder 0.140000
   APP        core_compounder 0.104817
   CAT        core_compounder 0.103563
   GEV        core_compounder 0.088581
  AMZN        core_compounder 0.078044
  PLTR        core_compounder 0.051835
   VRT        core_compounder 0.051835
   NVT          future_winner 0.051835
   FIX        core_compounder 0.051045
    PR            early_scout 0.040000

======================================================================
METRICS vs baseline: Phase 15-D global_alpha_universe (SHIPPED 2026-04-29)
======================================================================
  metric                          new   baseline          delta
  cagr                         0.2029     0.2451        -4.22pp
  sharpe                       1.4849     1.2453        +0.2396
  max_dd                      -0.1528    -0.2579       +10.51pp
  ir                           0.4487     1.0244        -0.5757
  avg_turnover_monthly         0.5246     0.4854        +3.92pp
  avg_stock_names             23.9146    24.3300        -0.4154
  beat_month_ratio             0.6098     0.5663        +0.0435
  excess_cagr                  0.0665     0.1102        -4.37pp

=== SLEEVE ALLOCATION ===
  target:  {'core_compounder': 0.5, 'future_winner': 0.3, 'early_scout': 0.2}
  actual:  {'core_compounder': 0.6697196446284258, 'future_winner': 0.25126902718112376, 'early_scout': 0.07901132819045034}
  counts:  {'core_compounder': 8, 'future_winner': 7, 'early_scout': 2}

=== VERDICT ===
  dCAGR    -4.22pp   (gate >= +0.5pp)
  dSharpe  +0.2396    (gate >= -0.05)
  dMaxDD   +10.51pp   (gate >= -3pp; positive better)
  early_scout selected: 2    (gate >= 4)

  --> REGRESS vs Phase 15-D global_alpha_universe (SHIPPED 2026-04-29). See SESSION_HANDOFF.md §3c (rollback).

======================================================================
LIFETIME PERFORMANCE (backtest + live, Phase 12D)
======================================================================
  Backtest anchor: 2026-02-27 at equity 3.5333
  Lifetime CAGR:   19.88% over 6.75 years
  Lifetime total:  239.89%
  vs baseline CAGR (24.51%): -4.63pp
  Live extension:  method=no_live_data (no live data yet)
  HINT: edit base_dir/manual_positions.yaml with real broker holdings
        (avg_cost, shares, entry_date) to activate lifetime CAGR.
