======================================================================
r1000 Quant Engine -- local run
======================================================================
  commit:        ad708f8 (DIRTY)
  started:       2026-05-30 17:41:50 KST
  base_dir:      /home/runner/work/r1000-quant-engine/r1000-quant-engine
  end_date:      2026-05-30
  mode:          QUICK_RESCORE
  fast_mode:     True
  universe_mode: (cfg default)
  backtest_years: (cfg default)
  leader_rescue: (cfg default)
  collector:     run
  verdict_only:  True
  Phase 9 C1:    auto
  Phase 9 C2:    auto
  Phase 9 C3:    auto
  Phase 14:      auto
======================================================================
OK: companyfacts.zip 0.1d old, 1321 MB

======================================================================
CELL E -- PHASE 9 C1+C2 DIAGNOSTIC
======================================================================

Scored rows: 736

Sleeve distribution (raw):
portfolio_sleeve_label
unassigned         458
early_scout        109
future_winner      105
core_compounder     64

Phase 9 diagnostic columns (expect populated if C2 active):
  phase9_thesis_gate_active                 mean=1.000  sum=736
  phase9_core_eligible                      mean=0.087  sum=64
  phase9_future_eligible                    mean=0.136  sum=100
  phase9_early_eligible                     mean=0.148  sum=109
  phase9_unassigned                         mean=0.629  sum=463
  phase9_mktcap_percentile                  mean=0.501  sum=368

Final portfolio: 19 positions
  Sleeve dist: {'core_compounder': 4, 'early_scout': 5, 'future_winner': 9}
  Top 10 by weight:
ticker portfolio_sleeve_label   weight
   VRT        core_compounder 0.080000
   UMC          future_winner 0.066197
  NXPI          future_winner 0.064669
   NUE          future_winner 0.064641
  ROST          future_winner 0.064493
   TKR            early_scout 0.060970
   NVT          future_winner 0.059853
  RKLB          future_winner 0.059513
   PWR          future_winner 0.059243
   ARM        core_compounder 0.056816

======================================================================
METRICS vs baseline: Phase 15-D global_alpha_universe (SHIPPED 2026-04-29)
======================================================================
  metric                          new   baseline          delta
  cagr                         0.2988     0.2451        +5.37pp
  sharpe                       1.6749     1.2453        +0.4296
  max_dd                      -0.1737    -0.2579        +8.42pp
  ir                           1.2237     1.0244        +0.1993
  avg_turnover_monthly         0.5442     0.4854        +5.88pp
  avg_stock_names             26.3253    24.3300        +1.9953
  beat_month_ratio             0.6386     0.5663        +0.0723
  excess_cagr                  0.1745     0.1102        +6.43pp

=== SLEEVE ALLOCATION ===
  target:  {'core_compounder': 0.1, 'future_winner': 0.4, 'early_scout': 0.5}
  actual:  {'core_compounder': 0.23090548014272827, 'future_winner': 0.5178805862817483, 'early_scout': 0.21006416906998887}
  counts:  {'core_compounder': 4, 'future_winner': 9, 'early_scout': 5}

=== VERDICT ===
  dCAGR    +5.37pp   (gate >= +0.5pp)
  dSharpe  +0.4296    (gate >= -0.05)
  dMaxDD   +8.42pp   (gate >= -3pp; positive better)
  early_scout selected: 5    (gate >= 4)

  --> SHIP vs Phase 15-D global_alpha_universe (SHIPPED 2026-04-29). Rotate baseline + next phase.

======================================================================
LIFETIME PERFORMANCE (backtest + live, Phase 12D)
======================================================================
  Backtest anchor: 2026-02-27 at equity 6.0993
  Lifetime CAGR:   30.39% over 6.83 years
  Lifetime total:  512.77%
  vs baseline CAGR (24.51%): +5.88pp
  Live extension:  method=no_live_data (no live data yet)
  HINT: edit base_dir/manual_positions.yaml with real broker holdings
        (avg_cost, shares, entry_date) to activate lifetime CAGR.
