======================================================================
r1000 Quant Engine -- local run
======================================================================
  commit:        15176b5 (DIRTY)
  started:       2026-07-05 14:18:48 KST
  base_dir:      /home/runner/work/r1000-quant-engine/r1000-quant-engine
  end_date:      2026-07-05
  mode:          QUICK_RESCORE
  fast_mode:     True
  universe_mode: (cfg default)
  backtest_years: (cfg default)
  leader_rescue: (cfg default)
  gate_mode:     broker
  collector:     run
  verdict_only:  True
  Phase 9 C1:    auto
  Phase 9 C2:    auto
  Phase 9 C3:    auto
  Phase 14:      auto
======================================================================
OK: companyfacts.zip 0.2d old, 1324 MB

======================================================================
BROKER-LEDGER VERDICT -- OFFICIAL PRODUCTION GATE
======================================================================
Official metric mode required: broker_ledger_next_close
Legacy weight-level metrics are research-only and cannot SHIP.

[main] REJECT
  cagr   0.3294  target >= 0.3500  pass=false
  max_dd -0.2565 target >= -0.2500 pass=false
  sharpe 1.2368
  avg_cash_weight 0.2934
  vs latest full rebuild broker-ledger baseline (run 27088007617): dCAGR -0.52pp, dMaxDD +0.58pp
  OOS  cagr 0.6617 >= floor 0.0881 pass=true | max_dd -0.2070 pass=true
  OOS2 cagr 0.4703 >= floor 0.0881 pass=true | max_dd -0.2070 pass=true

[concentrated] PARTIAL
  cagr   0.4699  target >= 0.5000  pass=false
  max_dd -0.2322 target >= -0.2500 pass=true
  sharpe 1.4547
  avg_cash_weight 0.4104
  vs latest full rebuild broker-ledger baseline (run 27088007617): dCAGR +6.38pp, dMaxDD +6.72pp
  OOS  cagr 1.1614 >= floor 0.1059 pass=true | max_dd -0.2322 pass=true
  OOS2 cagr 0.7132 >= floor 0.1059 pass=true | max_dd -0.2322 pass=true

=== OVERALL VERDICT ===
  --> PARTIAL. Improve failed broker gates before production promotion.
