======================================================================
r1000 Quant Engine -- local run
======================================================================
  commit:        d6bd882 (DIRTY)
  started:       2026-05-26 01:12:57 KST
  base_dir:      /home/runner/work/r1000-quant-engine/r1000-quant-engine
  end_date:      2026-05-26
  mode:          QUICK_RESCORE
  fast_mode:     True
  universe_mode: (cfg default)
  backtest_years: (cfg default)
  leader_rescue: (cfg default)
  collector:     run
  verdict_only:  True
  Phase 9 C1:    auto
  Phase 9 C2:    auto
  Phase 9 C3:    auto
  Phase 14:      auto
======================================================================
OK: companyfacts.zip 0.0d old, 1320 MB

======================================================================
CELL E -- PHASE 9 C1+C2 DIAGNOSTIC
======================================================================

Scored rows: 58

Sleeve distribution (raw):
portfolio_sleeve_label
unassigned         23
early_scout        19
future_winner      11
core_compounder     5

Phase 9 diagnostic columns (expect populated if C2 active):
  phase9_thesis_gate_active                 mean=1.000  sum=58
  phase9_core_eligible                      mean=0.086  sum=5
  phase9_future_eligible                    mean=0.190  sum=11
  phase9_early_eligible                     mean=0.328  sum=19
  phase9_unassigned                         mean=0.397  sum=23
  phase9_mktcap_percentile                  mean=0.509  sum=29

Final portfolio: 13 positions
  Sleeve dist: {'core_compounder': 4, 'early_scout': 4, 'future_winner': 4}
  Top 10 by weight:
ticker portfolio_sleeve_label   weight
  CASH                    NaN 0.280000
  NVDA        core_compounder 0.179086
    BE            early_scout 0.120000
   TRP          future_winner 0.120000
  NTES            early_scout 0.120000
  NXPI            early_scout 0.060000
  AVGO        core_compounder 0.043697
  AMAT        core_compounder 0.042508
   TSM        core_compounder 0.015832
   ARM          future_winner 0.007375

======================================================================
METRICS vs baseline: Phase 15-D global_alpha_universe (SHIPPED 2026-04-29)
======================================================================
  metric                          new   baseline          delta
  cagr                         0.1508     0.2451        -9.43pp
  sharpe                       1.0720     1.2453        -0.1733
  max_dd                      -0.0932    -0.2579       +16.47pp
  ir                           0.2683     1.0244        -0.7561
  avg_turnover_monthly         0.4263     0.4854        -5.91pp
  avg_stock_names              7.9796    24.3300       -16.3504
  beat_month_ratio             0.5510     0.5663        -0.0153
  excess_cagr                  0.0416     0.1102        -6.86pp

=== SLEEVE ALLOCATION ===
  target:  {'core_compounder': 0.7400000000000001, 'future_winner': 0.18, 'early_scout': 0.08}
  actual:  {'core_compounder': 0.2811226229243571, 'future_winner': 0.13504309019221625, 'early_scout': 0.3038342868834268}
  counts:  {'core_compounder': 4, 'future_winner': 4, 'early_scout': 4}

=== VERDICT ===
  dCAGR    -9.43pp   (gate >= +0.5pp)
  dSharpe  -0.1733    (gate >= -0.05)
  dMaxDD   +16.47pp   (gate >= -3pp; positive better)
  early_scout selected: 4    (gate >= 4)

  --> REGRESS vs Phase 15-D global_alpha_universe (SHIPPED 2026-04-29). See SESSION_HANDOFF.md §3c (rollback).

======================================================================
LIFETIME PERFORMANCE (backtest + live, Phase 12D)
======================================================================
  Backtest anchor: 2026-02-27 at equity 1.7747
  Lifetime CAGR:   14.29% over 4.00 years
  Lifetime total:  70.58%
  vs baseline CAGR (24.51%): -10.22pp
  Live extension:  method=no_live_data (no live data yet)
  HINT: edit base_dir/manual_positions.yaml with real broker holdings
        (avg_cost, shares, entry_date) to activate lifetime CAGR.
