======================================================================
r1000 Quant Engine -- local run
======================================================================
  commit:        43cd97e (DIRTY)
  started:       2026-04-26 16:10:52 KST
  base_dir:      /home/runner/work/r1000-quant-engine/r1000-quant-engine
  end_date:      2026-04-26
  mode:          QUICK_RESCORE
  fast_mode:     True
  collector:     run
  verdict_only:  True
  Phase 9 C1:    auto
  Phase 9 C2:    auto
  Phase 9 C3:    auto
======================================================================

VERDICT: outputs missing -- cannot run Cell E verdict:
  MISS  /home/runner/work/r1000-quant-engine/r1000-quant-engine/outputs/scored_latest.csv
  MISS  /home/runner/work/r1000-quant-engine/r1000-quant-engine/outputs/backtest_metrics.json
  MISS  /home/runner/work/r1000-quant-engine/r1000-quant-engine/outputs/weights_latest.json
  MISS  /home/runner/work/r1000-quant-engine/r1000-quant-engine/outputs/portfolio_latest.csv
