======================================================================
r1000 Quant Engine -- local run
======================================================================
  commit:        ed93cf0 (DIRTY)
  started:       2026-06-10 14:25:03 KST
  base_dir:      /home/runner/work/r1000-quant-engine/r1000-quant-engine
  end_date:      2026-06-10
  mode:          QUICK_RESCORE
  fast_mode:     True
  universe_mode: (cfg default)
  backtest_years: (cfg default)
  leader_rescue: (cfg default)
  collector:     run
  verdict_only:  True
  Phase 9 C1:    auto
  Phase 9 C2:    auto
  Phase 9 C3:    auto
  Phase 14:      auto
======================================================================
OK: companyfacts.zip 0.2d old, 1322 MB

======================================================================
CELL E -- PHASE 9 C1+C2 DIAGNOSTIC
======================================================================

Scored rows: 741

Sleeve distribution (raw):
portfolio_sleeve_label
unassigned         416
early_scout        157
future_winner      104
core_compounder     64

Phase 9 diagnostic columns (expect populated if C2 active):
  phase9_thesis_gate_active                 mean=1.000  sum=741
  phase9_core_eligible                      mean=0.088  sum=65
  phase9_future_eligible                    mean=0.134  sum=99
  phase9_early_eligible                     mean=0.212  sum=157
  phase9_unassigned                         mean=0.567  sum=420
  phase9_mktcap_percentile                  mean=0.501  sum=371

Final portfolio: 19 positions
  Sleeve dist: {'core_compounder': 6, 'early_scout': 5, 'future_winner': 7}
  Top 10 by weight:
ticker portfolio_sleeve_label   weight
  CASH                    NaN 0.280000
   CAT        core_compounder 0.075819
 GOOGL        core_compounder 0.067794
  NVDA        core_compounder 0.050517
   TKR            early_scout 0.050400
   AMD        core_compounder 0.045783
  AMAT        core_compounder 0.045783
  LRCX        core_compounder 0.045783
  RKLB          future_winner 0.036751
   UMC            early_scout 0.034909

======================================================================
METRICS vs baseline: Phase 15-D global_alpha_universe (SHIPPED 2026-04-29)
======================================================================
  metric                          new   baseline          delta
  cagr                         0.3062     0.2451        +6.11pp
  sharpe                       1.7447     1.2453        +0.4994
  max_dd                      -0.1773    -0.2579        +8.06pp
  ir                           1.0657     1.0244        +0.0413
  avg_turnover_monthly         0.5318     0.4854        +4.64pp
  avg_stock_names             26.1807    24.3300        +1.8507
  beat_month_ratio             0.6024     0.5663        +0.0361
  excess_cagr                  0.1559     0.1102        +4.57pp

=== SLEEVE ALLOCATION ===
  target:  {'core_compounder': 0.18, 'future_winner': 0.36, 'early_scout': 0.18}
  actual:  {'core_compounder': 0.33147842033390995, 'future_winner': 0.2174778791113227, 'early_scout': 0.1710437005547673}
  counts:  {'core_compounder': 6, 'future_winner': 7, 'early_scout': 5}

=== VERDICT ===
  dCAGR    +6.11pp   (gate >= +0.5pp)
  dSharpe  +0.4994    (gate >= -0.05)
  dMaxDD   +8.06pp   (gate >= -3pp; positive better)
  early_scout selected: 5    (gate >= 4)

  --> SHIP vs Phase 15-D global_alpha_universe (SHIPPED 2026-04-29). Rotate baseline + next phase.

======================================================================
LIFETIME PERFORMANCE (backtest + live, Phase 12D)
======================================================================
  Backtest anchor: 2026-03-31 at equity 6.3441
  Lifetime CAGR:   30.13% over 6.83 years
  Lifetime total:  504.91%
  vs baseline CAGR (24.51%): +5.62pp
  Live extension:  method=no_live_data (no live data yet)
  HINT: edit base_dir/manual_positions.yaml with real broker holdings
        (avg_cost, shares, entry_date) to activate lifetime CAGR.
