======================================================================
r1000 Quant Engine -- local run
======================================================================
  commit:        a5433c8 (DIRTY)
  started:       2026-06-06 22:42:10 KST
  base_dir:      /home/runner/work/r1000-quant-engine/r1000-quant-engine
  end_date:      2026-06-06
  mode:          QUICK_RESCORE
  fast_mode:     True
  universe_mode: (cfg default)
  backtest_years: (cfg default)
  leader_rescue: (cfg default)
  collector:     run
  verdict_only:  True
  Phase 9 C1:    auto
  Phase 9 C2:    auto
  Phase 9 C3:    auto
  Phase 14:      auto
======================================================================
OK: companyfacts.zip 0.2d old, 1321 MB

======================================================================
CELL E -- PHASE 9 C1+C2 DIAGNOSTIC
======================================================================

Scored rows: 739

Sleeve distribution (raw):
portfolio_sleeve_label
unassigned         443
early_scout        139
future_winner       93
core_compounder     64

Phase 9 diagnostic columns (expect populated if C2 active):
  phase9_thesis_gate_active                 mean=1.000  sum=739
  phase9_core_eligible                      mean=0.087  sum=64
  phase9_future_eligible                    mean=0.122  sum=90
  phase9_early_eligible                     mean=0.188  sum=139
  phase9_unassigned                         mean=0.604  sum=446
  phase9_mktcap_percentile                  mean=0.501  sum=370

Final portfolio: 14 positions
  Sleeve dist: {'core_compounder': 4, 'early_scout': 5, 'future_winner': 5}
  Top 10 by weight:
ticker portfolio_sleeve_label   weight
 GOOGL        core_compounder 0.212343
  AAPL        core_compounder 0.106427
   TKR            early_scout 0.087145
  RKLB          future_winner 0.083493
   UMC            early_scout 0.078521
   NVT          future_winner 0.068072
   OKE          future_winner 0.065886
  ROST          future_winner 0.064541
   AMD        core_compounder 0.047834
  LRCX        core_compounder 0.047834

======================================================================
METRICS vs baseline: Phase 15-D global_alpha_universe (SHIPPED 2026-04-29)
======================================================================
  metric                          new   baseline          delta
  cagr                         0.3177     0.2451        +7.26pp
  sharpe                       1.6997     1.2453        +0.4544
  max_dd                      -0.1928    -0.2579        +6.51pp
  ir                           1.1128     1.0244        +0.0884
  avg_turnover_monthly         0.5427     0.4854        +5.73pp
  avg_stock_names             20.9759    24.3300        -3.3541
  beat_month_ratio             0.6024     0.5663        +0.0361
  excess_cagr                  0.1674     0.1102        +5.72pp

=== SLEEVE ALLOCATION ===
  target:  {'core_compounder': 0.25, 'future_winner': 0.35, 'early_scout': 0.4}
  actual:  {'core_compounder': 0.41443794669397815, 'future_winner': 0.3219914473083605, 'early_scout': 0.2635706059976614}
  counts:  {'core_compounder': 4, 'future_winner': 5, 'early_scout': 5}

=== VERDICT ===
  dCAGR    +7.26pp   (gate >= +0.5pp)
  dSharpe  +0.4544    (gate >= -0.05)
  dMaxDD   +6.51pp   (gate >= -3pp; positive better)
  early_scout selected: 5    (gate >= 4)

  --> SHIP vs Phase 15-D global_alpha_universe (SHIPPED 2026-04-29). Rotate baseline + next phase.

======================================================================
LIFETIME PERFORMANCE (backtest + live, Phase 12D)
======================================================================
  Backtest anchor: 2026-03-31 at equity 6.7411
  Lifetime CAGR:   31.26% over 6.83 years
  Lifetime total:  541.70%
  vs baseline CAGR (24.51%): +6.75pp
  Live extension:  method=no_live_data (no live data yet)
  HINT: edit base_dir/manual_positions.yaml with real broker holdings
        (avg_cost, shares, entry_date) to activate lifetime CAGR.
